
> addesk-app@0.1.0 build
> next build

Ôû▓ Next.js 16.1.6 (Turbopack)

node.exe : ÔÜá The "middleware" file convention is 
deprecated. Please use "proxy" instead. Learn 
more: https://nextjs.org/docs/messages/middleware-t
o-proxy
At line:1 char:1
+ & "C:\Program Files\nodejs/node.exe" "C:\Program 
Files\nodejs/node_mo ...
+ ~~~~~~~~~~~~~~~~~~~~~~~~~~~~~~~~~~~~~~~~~~~~~~~~~
~~~~~~~~~~~~~~~~~~~~
    + CategoryInfo          : NotSpecified: (ÔÜá T 
   he "middle...leware-to-proxy:String) [], Remot  
  eException
    + FullyQualifiedErrorId : NativeCommandError
 
  Creating an optimized production build ...

> Build error occurred
Error: Turbopack build failed with 8 errors:
./app/login/page.tsx:12:1
Module not found: Can't resolve 
'@/components/ui/button'
[0m [90m 10 |[39m
 [90m 11 |[39m [36mimport[39m { createClient } 
[36mfrom[39m [32m'@/lib/supabase/client'[39m
[31m[1m>[22m[39m[90m 12 |[39m 
[36mimport[39m { [33mButton[39m } 
[36mfrom[39m [32m'@/components/ui/button'[39m
 [90m    |[39m [31m[1m^[22m[39m[31m[1m^[22
m[39m[31m[1m^[22m[39m[31m[1m^[22m[39m[31m
[1m^[22m[39m[31m[1m^[22m[39m[31m[1m^[22m
[39m[31m[1m^[22m[39m[31m[1m^[22m[39m[31m[
1m^[22m[39m[31m[1m^[22m[39m[31m[1m^[22m[3
9m[31m[1m^[22m[39m[31m[1m^[22m[39m[31m[1m
^[22m[39m[31m[1m^[22m[39m[31m[1m^[22m[39m
[31m[1m^[22m[39m[31m[1m^[22m[39m[31m[1m^
[22m[39m[31m[1m^[22m[39m[31m[1m^[22m[39m[
31m[1m^[22m[39m[31m[1m^[22m[39m[31m[1m^[2
2m[39m[31m[1m^[22m[39m[31m[1m^[22m[39m[31
m[1m^[22m[39m[31m[1m^[22m[39m[31m[1m^[22m
[39m[31m[1m^[22m[39m[31m[1m^[22m[39m[31m
[1m^[22m[39m[31m[1m^[22m[39m[31m[1m^[22m[
39m[31m[1m^[22m[39m[31m[1m^[22m[39m[31m[1
m^[22m[39m[31m[1m^[22m[39m[31m[1m^[22m[39
m[31m[1m^[22m[39m[31m[1m^[22m[39m[31m[1m^
[22m[39m[31m[1m^[22m[39m[31m[1m^[22m[39m
[31m[1m^[22m[39m[31m[1m^[22m[39m
 [90m 13 |[39m [36mimport[39m {
 [90m 14 |[39m   [33mForm[39m[33m,[39m
 [90m 15 |[39m   
[33mFormControl[39m[33m,[39m[0m

Import map: aliased to relative 
'./components/ui/button' inside of [project]/


Import traces:
  Client Component Browser:
    ./app/login/page.tsx [Client Component Browser]
    ./app/login/page.tsx [Server Component]

  Client Component SSR:
    ./app/login/page.tsx [Client Component SSR]
    ./app/login/page.tsx [Server Component]

https://nextjs.org/docs/messages/module-not-found


./app/signup/page.tsx:12:1
Module not found: Can't resolve 
'@/components/ui/button'
[0m [90m 10 |[39m
 [90m 11 |[39m [36mimport[39m { createClient } 
[36mfrom[39m [32m'@/lib/supabase/client'[39m
[31m[1m>[22m[39m[90m 12 |[39m 
[36mimport[39m { [33mButton[39m } 
[36mfrom[39m [32m'@/components/ui/button'[39m
 [90m    |[39m [31m[1m^[22m[39m[31m[1m^[22
m[39m[31m[1m^[22m[39m[31m[1m^[22m[39m[31m
[1m^[22m[39m[31m[1m^[22m[39m[31m[1m^[22m
[39m[31m[1m^[22m[39m[31m[1m^[22m[39m[31m[
1m^[22m[39m[31m[1m^[22m[39m[31m[1m^[22m[3
9m[31m[1m^[22m[39m[31m[1m^[22m[39m[31m[1m
^[22m[39m[31m[1m^[22m[39m[31m[1m^[22m[39m
[31m[1m^[22m[39m[31m[1m^[22m[39m[31m[1m^
[22m[39m[31m[1m^[22m[39m[31m[1m^[22m[39m[
31m[1m^[22m[39m[31m[1m^[22m[39m[31m[1m^[2
2m[39m[31m[1m^[22m[39m[31m[1m^[22m[39m[31
m[1m^[22m[39m[31m[1m^[22m[39m[31m[1m^[22m
[39m[31m[1m^[22m[39m[31m[1m^[22m[39m[31m
[1m^[22m[39m[31m[1m^[22m[39m[31m[1m^[22m[
39m[31m[1m^[22m[39m[31m[1m^[22m[39m[31m[1
m^[22m[39m[31m[1m^[22m[39m[31m[1m^[22m[39
m[31m[1m^[22m[39m[31m[1m^[22m[39m[31m[1m^
[22m[39m[31m[1m^[22m[39m[31m[1m^[22m[39m
[31m[1m^[22m[39m[31m[1m^[22m[39m
 [90m 13 |[39m [36mimport[39m {
 [90m 14 |[39m   [33mForm[39m[33m,[39m
 [90m 15 |[39m   
[33mFormControl[39m[33m,[39m[0m

Import map: aliased to relative 
'./components/ui/button' inside of [project]/


Import traces:
  Client Component Browser:
    ./app/signup/page.tsx [Client Component 
Browser]
    ./app/signup/page.tsx [Server Component]

  Client Component SSR:
    ./app/signup/page.tsx [Client Component SSR]
    ./app/signup/page.tsx [Server Component]

https://nextjs.org/docs/messages/module-not-found


./app/login/page.tsx:22:1
Module not found: Can't resolve 
'@/components/ui/card'
[0m [90m 20 |[39m } [36mfrom[39m 
[32m'@/components/ui/form'[39m
 [90m 21 |[39m [36mimport[39m { 
[33mInput[39m } [36mfrom[39m 
[32m'@/components/ui/input'[39m
[31m[1m>[22m[39m[90m 22 |[39m 
[36mimport[39m {
 [90m    |[39m [31m[1m^[22m[39m[31m[1m^[22
m[39m[31m[1m^[22m[39m[31m[1m^[22m[39m[31m
[1m^[22m[39m[31m[1m^[22m[39m[31m[1m^[22m
[39m[31m[1m^[22m[39m
[31m[1m>[22m[39m[90m 23 |[39m   
[33mCard[39m[33m,[39m
 [90m    |[39m [31m[1m^[22m[39m[31m[1m^[22
m[39m[31m[1m^[22m[39m[31m[1m^[22m[39m[31m
[1m^[22m[39m[31m[1m^[22m[39m[31m[1m^[22m
[39m
[31m[1m>[22m[39m[90m 24 |[39m   
[33mCardContent[39m[33m,[39m
 [90m    |[39m [31m[1m^[22m[39m[31m[1m^[22
m[39m[31m[1m^[22m[39m[31m[1m^[22m[39m[31m
[1m^[22m[39m[31m[1m^[22m[39m[31m[1m^[22m
[39m
[31m[1m>[22m[39m[90m 25 |[39m   
[33mCardDescription[39m[33m,[39m
 [90m    |[39m [31m[1m^[22m[39m[31m[1m^[22
m[39m[31m[1m^[22m[39m[31m[1m^[22m[39m[31m
[1m^[22m[39m[31m[1m^[22m[39m[31m[1m^[22m
[39m
[31m[1m>[22m[39m[90m 26 |[39m   
[33mCardFooter[39m[33m,[39m
 [90m    |[39m [31m[1m^[22m[39m[31m[1m^[22
m[39m[31m[1m^[22m[39m[31m[1m^[22m[39m[31m
[1m^[22m[39m[31m[1m^[22m[39m[31m[1m^[22m
[39m
[31m[1m>[22m[39m[90m 27 |[39m   
[33mCardHeader[39m[33m,[39m
 [90m    |[39m [31m[1m^[22m[39m[31m[1m^[22
m[39m[31m[1m^[22m[39m[31m[1m^[22m[39m[31m
[1m^[22m[39m[31m[1m^[22m[39m[31m[1m^[22m
[39m
[31m[1m>[22m[39m[90m 28 |[39m   
[33mCardTitle[39m[33m,[39m
 [90m    |[39m [31m[1m^[22m[39m[31m[1m^[22
m[39m[31m[1m^[22m[39m[31m[1m^[22m[39m[31m
[1m^[22m[39m[31m[1m^[22m[39m[31m[1m^[22m
[39m
[31m[1m>[22m[39m[90m 29 |[39m } 
[36mfrom[39m [32m'@/components/ui/card'[39m
 [90m    |[39m [31m[1m^[22m[39m[31m[1m^[22
m[39m[31m[1m^[22m[39m[31m[1m^[22m[39m[31m
[1m^[22m[39m[31m[1m^[22m[39m[31m[1m^[22m
[39m[31m[1m^[22m[39m[31m[1m^[22m[39m[31m[
1m^[22m[39m[31m[1m^[22m[39m[31m[1m^[22m[3
9m[31m[1m^[22m[39m[31m[1m^[22m[39m[31m[1m
^[22m[39m[31m[1m^[22m[39m[31m[1m^[22m[39m
[31m[1m^[22m[39m[31m[1m^[22m[39m[31m[1m^
[22m[39m[31m[1m^[22m[39m[31m[1m^[22m[39m[
31m[1m^[22m[39m[31m[1m^[22m[39m[31m[1m^[2
2m[39m[31m[1m^[22m[39m[31m[1m^[22m[39m[31
m[1m^[22m[39m[31m[1m^[22m[39m[31m[1m^[22m
[39m
 [90m 30 |[39m
 [90m 31 |[39m [36mconst[39m loginSchema 
[33m=[39m z[33m.[39mobject({
 [90m 32 |[39m   email[33m:[39m 
z[33m.[39mstring()[33m.[39memail({ 
message[33m:[39m [32m'Please enter a valid 
email address.'[39m })[33m,[39m[0m

Import map: aliased to relative 
'./components/ui/card' inside of [project]/


Import traces:
  Client Component Browser:
    ./app/login/page.tsx [Client Component Browser]
    ./app/login/page.tsx [Server Component]

  Client Component SSR:
    ./app/login/page.tsx [Client Component SSR]
    ./app/login/page.tsx [Server Component]

https://nextjs.org/docs/messages/module-not-found


./app/signup/page.tsx:22:1
Module not found: Can't resolve 
'@/components/ui/card'
[0m [90m 20 |[39m } [36mfrom[39m 
[32m'@/components/ui/form'[39m
 [90m 21 |[39m [36mimport[39m { 
[33mInput[39m } [36mfrom[39m 
[32m'@/components/ui/input'[39m
[31m[1m>[22m[39m[90m 22 |[39m 
[36mimport[39m {
 [90m    |[39m [31m[1m^[22m[39m[31m[1m^[22
m[39m[31m[1m^[22m[39m[31m[1m^[22m[39m[31m
[1m^[22m[39m[31m[1m^[22m[39m[31m[1m^[22m
[39m[31m[1m^[22m[39m
[31m[1m>[22m[39m[90m 23 |[39m   
[33mCard[39m[33m,[39m
 [90m    |[39m [31m[1m^[22m[39m[31m[1m^[22
m[39m[31m[1m^[22m[39m[31m[1m^[22m[39m[31m
[1m^[22m[39m[31m[1m^[22m[39m[31m[1m^[22m
[39m
[31m[1m>[22m[39m[90m 24 |[39m   
[33mCardContent[39m[33m,[39m
 [90m    |[39m [31m[1m^[22m[39m[31m[1m^[22
m[39m[31m[1m^[22m[39m[31m[1m^[22m[39m[31m
[1m^[22m[39m[31m[1m^[22m[39m[31m[1m^[22m
[39m
[31m[1m>[22m[39m[90m 25 |[39m   
[33mCardDescription[39m[33m,[39m
 [90m    |[39m [31m[1m^[22m[39m[31m[1m^[22
m[39m[31m[1m^[22m[39m[31m[1m^[22m[39m[31m
[1m^[22m[39m[31m[1m^[22m[39m[31m[1m^[22m
[39m
[31m[1m>[22m[39m[90m 26 |[39m   
[33mCardFooter[39m[33m,[39m
 [90m    |[39m [31m[1m^[22m[39m[31m[1m^[22
m[39m[31m[1m^[22m[39m[31m[1m^[22m[39m[31m
[1m^[22m[39m[31m[1m^[22m[39m[31m[1m^[22m
[39m
[31m[1m>[22m[39m[90m 27 |[39m   
[33mCardHeader[39m[33m,[39m
 [90m    |[39m [31m[1m^[22m[39m[31m[1m^[22
m[39m[31m[1m^[22m[39m[31m[1m^[22m[39m[31m
[1m^[22m[39m[31m[1m^[22m[39m[31m[1m^[22m
[39m
[31m[1m>[22m[39m[90m 28 |[39m   
[33mCardTitle[39m[33m,[39m
 [90m    |[39m [31m[1m^[22m[39m[31m[1m^[22
m[39m[31m[1m^[22m[39m[31m[1m^[22m[39m[31m
[1m^[22m[39m[31m[1m^[22m[39m[31m[1m^[22m
[39m
[31m[1m>[22m[39m[90m 29 |[39m } 
[36mfrom[39m [32m'@/components/ui/card'[39m
 [90m    |[39m [31m[1m^[22m[39m[31m[1m^[22
m[39m[31m[1m^[22m[39m[31m[1m^[22m[39m[31m
[1m^[22m[39m[31m[1m^[22m[39m[31m[1m^[22m
[39m[31m[1m^[22m[39m[31m[1m^[22m[39m[31m[
1m^[22m[39m[31m[1m^[22m[39m[31m[1m^[22m[3
9m[31m[1m^[22m[39m[31m[1m^[22m[39m[31m[1m
^[22m[39m[31m[1m^[22m[39m[31m[1m^[22m[39m
[31m[1m^[22m[39m[31m[1m^[22m[39m[31m[1m^
[22m[39m[31m[1m^[22m[39m[31m[1m^[22m[39m[
31m[1m^[22m[39m[31m[1m^[22m[39m[31m[1m^[2
2m[39m[31m[1m^[22m[39m[31m[1m^[22m[39m[31
m[1m^[22m[39m[31m[1m^[22m[39m[31m[1m^[22m
[39m
 [90m 30 |[39m
 [90m 31 |[39m [36mconst[39m signupSchema 
[33m=[39m z[33m.[39mobject({
 [90m 32 |[39m   fullName[33m:[39m z[33m.[39m
string()[33m.[39mmin([35m2[39m[33m,[39m { 
message[33m:[39m [32m'Name must be at least 2 
characters.'[39m })[33m,[39m[0m

Import map: aliased to relative 
'./components/ui/card' inside of [project]/


Import traces:
  Client Component Browser:
    ./app/signup/page.tsx [Client Component 
Browser]
    ./app/signup/page.tsx [Server Component]

  Client Component SSR:
    ./app/signup/page.tsx [Client Component SSR]
    ./app/signup/page.tsx [Server Component]

https://nextjs.org/docs/messages/module-not-found


./app/login/page.tsx:13:1
Module not found: Can't resolve 
'@/components/ui/form'
[0m [90m 11 |[39m [36mimport[39m { 
createClient } [36mfrom[39m 
[32m'@/lib/supabase/client'[39m
 [90m 12 |[39m [36mimport[39m { 
[33mButton[39m } [36mfrom[39m 
[32m'@/components/ui/button'[39m
[31m[1m>[22m[39m[90m 13 |[39m 
[36mimport[39m {
 [90m    |[39m [31m[1m^[22m[39m[31m[1m^[22
m[39m[31m[1m^[22m[39m[31m[1m^[22m[39m[31m
[1m^[22m[39m[31m[1m^[22m[39m[31m[1m^[22m
[39m[31m[1m^[22m[39m
[31m[1m>[22m[39m[90m 14 |[39m   
[33mForm[39m[33m,[39m
 [90m    |[39m [31m[1m^[22m[39m[31m[1m^[22
m[39m[31m[1m^[22m[39m[31m[1m^[22m[39m[31m
[1m^[22m[39m[31m[1m^[22m[39m[31m[1m^[22m
[39m
[31m[1m>[22m[39m[90m 15 |[39m   
[33mFormControl[39m[33m,[39m
 [90m    |[39m [31m[1m^[22m[39m[31m[1m^[22
m[39m[31m[1m^[22m[39m[31m[1m^[22m[39m[31m
[1m^[22m[39m[31m[1m^[22m[39m[31m[1m^[22m
[39m
[31m[1m>[22m[39m[90m 16 |[39m   
[33mFormField[39m[33m,[39m
 [90m    |[39m [31m[1m^[22m[39m[31m[1m^[22
m[39m[31m[1m^[22m[39m[31m[1m^[22m[39m[31m
[1m^[22m[39m[31m[1m^[22m[39m[31m[1m^[22m
[39m
[31m[1m>[22m[39m[90m 17 |[39m   
[33mFormItem[39m[33m,[39m
 [90m    |[39m [31m[1m^[22m[39m[31m[1m^[22
m[39m[31m[1m^[22m[39m[31m[1m^[22m[39m[31m
[1m^[22m[39m[31m[1m^[22m[39m[31m[1m^[22m
[39m
[31m[1m>[22m[39m[90m 18 |[39m   
[33mFormLabel[39m[33m,[39m
 [90m    |[39m [31m[1m^[22m[39m[31m[1m^[22
m[39m[31m[1m^[22m[39m[31m[1m^[22m[39m[31m
[1m^[22m[39m[31m[1m^[22m[39m[31m[1m^[22m
[39m
[31m[1m>[22m[39m[90m 19 |[39m   
[33mFormMessage[39m[33m,[39m
 [90m    |[39m [31m[1m^[22m[39m[31m[1m^[22
m[39m[31m[1m^[22m[39m[31m[1m^[22m[39m[31m
[1m^[22m[39m[31m[1m^[22m[39m[31m[1m^[22m
[39m
[31m[1m>[22m[39m[90m 20 |[39m } 
[36mfrom[39m [32m'@/components/ui/form'[39m
 [90m    |[39m [31m[1m^[22m[39m[31m[1m^[22
m[39m[31m[1m^[22m[39m[31m[1m^[22m[39m[31m
[1m^[22m[39m[31m[1m^[22m[39m[31m[1m^[22m
[39m[31m[1m^[22m[39m[31m[1m^[22m[39m[31m[
1m^[22m[39m[31m[1m^[22m[39m[31m[1m^[22m[3
9m[31m[1m^[22m[39m[31m[1m^[22m[39m[31m[1m
^[22m[39m[31m[1m^[22m[39m[31m[1m^[22m[39m
[31m[1m^[22m[39m[31m[1m^[22m[39m[31m[1m^
[22m[39m[31m[1m^[22m[39m[31m[1m^[22m[39m[
31m[1m^[22m[39m[31m[1m^[22m[39m[31m[1m^[2
2m[39m[31m[1m^[22m[39m[31m[1m^[22m[39m[31
m[1m^[22m[39m[31m[1m^[22m[39m[31m[1m^[22m
[39m
 [90m 21 |[39m [36mimport[39m { 
[33mInput[39m } [36mfrom[39m 
[32m'@/components/ui/input'[39m
 [90m 22 |[39m [36mimport[39m {
 [90m 23 |[39m   [33mCard[39m[33m,[39m[0m

Import map: aliased to relative 
'./components/ui/form' inside of [project]/


Import traces:
  Client Component Browser:
    ./app/login/page.tsx [Client Component Browser]
    ./app/login/page.tsx [Server Component]

  Client Component SSR:
    ./app/login/page.tsx [Client Component SSR]
    ./app/login/page.tsx [Server Component]

https://nextjs.org/docs/messages/module-not-found


./app/signup/page.tsx:13:1
Module not found: Can't resolve 
'@/components/ui/form'
[0m [90m 11 |[39m [36mimport[39m { 
createClient } [36mfrom[39m 
[32m'@/lib/supabase/client'[39m
 [90m 12 |[39m [36mimport[39m { 
[33mButton[39m } [36mfrom[39m 
[32m'@/components/ui/button'[39m
[31m[1m>[22m[39m[90m 13 |[39m 
[36mimport[39m {
 [90m    |[39m [31m[1m^[22m[39m[31m[1m^[22
m[39m[31m[1m^[22m[39m[31m[1m^[22m[39m[31m
[1m^[22m[39m[31m[1m^[22m[39m[31m[1m^[22m
[39m[31m[1m^[22m[39m
[31m[1m>[22m[39m[90m 14 |[39m   
[33mForm[39m[33m,[39m
 [90m    |[39m [31m[1m^[22m[39m[31m[1m^[22
m[39m[31m[1m^[22m[39m[31m[1m^[22m[39m[31m
[1m^[22m[39m[31m[1m^[22m[39m[31m[1m^[22m
[39m
[31m[1m>[22m[39m[90m 15 |[39m   
[33mFormControl[39m[33m,[39m
 [90m    |[39m [31m[1m^[22m[39m[31m[1m^[22
m[39m[31m[1m^[22m[39m[31m[1m^[22m[39m[31m
[1m^[22m[39m[31m[1m^[22m[39m[31m[1m^[22m
[39m
[31m[1m>[22m[39m[90m 16 |[39m   
[33mFormField[39m[33m,[39m
 [90m    |[39m [31m[1m^[22m[39m[31m[1m^[22
m[39m[31m[1m^[22m[39m[31m[1m^[22m[39m[31m
[1m^[22m[39m[31m[1m^[22m[39m[31m[1m^[22m
[39m
[31m[1m>[22m[39m[90m 17 |[39m   
[33mFormItem[39m[33m,[39m
 [90m    |[39m [31m[1m^[22m[39m[31m[1m^[22
m[39m[31m[1m^[22m[39m[31m[1m^[22m[39m[31m
[1m^[22m[39m[31m[1m^[22m[39m[31m[1m^[22m
[39m
[31m[1m>[22m[39m[90m 18 |[39m   
[33mFormLabel[39m[33m,[39m
 [90m    |[39m [31m[1m^[22m[39m[31m[1m^[22
m[39m[31m[1m^[22m[39m[31m[1m^[22m[39m[31m
[1m^[22m[39m[31m[1m^[22m[39m[31m[1m^[22m
[39m
[31m[1m>[22m[39m[90m 19 |[39m   
[33mFormMessage[39m[33m,[39m
 [90m    |[39m [31m[1m^[22m[39m[31m[1m^[22
m[39m[31m[1m^[22m[39m[31m[1m^[22m[39m[31m
[1m^[22m[39m[31m[1m^[22m[39m[31m[1m^[22m
[39m
[31m[1m>[22m[39m[90m 20 |[39m } 
[36mfrom[39m [32m'@/components/ui/form'[39m
 [90m    |[39m [31m[1m^[22m[39m[31m[1m^[22
m[39m[31m[1m^[22m[39m[31m[1m^[22m[39m[31m
[1m^[22m[39m[31m[1m^[22m[39m[31m[1m^[22m
[39m[31m[1m^[22m[39m[31m[1m^[22m[39m[31m[
1m^[22m[39m[31m[1m^[22m[39m[31m[1m^[22m[3
9m[31m[1m^[22m[39m[31m[1m^[22m[39m[31m[1m
^[22m[39m[31m[1m^[22m[39m[31m[1m^[22m[39m
[31m[1m^[22m[39m[31m[1m^[22m[39m[31m[1m^
[22m[39m[31m[1m^[22m[39m[31m[1m^[22m[39m[
31m[1m^[22m[39m[31m[1m^[22m[39m[31m[1m^[2
2m[39m[31m[1m^[22m[39m[31m[1m^[22m[39m[31
m[1m^[22m[39m[31m[1m^[22m[39m[31m[1m^[22m
[39m
 [90m 21 |[39m [36mimport[39m { 
[33mInput[39m } [36mfrom[39m 
[32m'@/components/ui/input'[39m
 [90m 22 |[39m [36mimport[39m {
 [90m 23 |[39m   [33mCard[39m[33m,[39m[0m

Import map: aliased to relative 
'./components/ui/form' inside of [project]/


Import traces:
  Client Component Browser:
    ./app/signup/page.tsx [Client Component 
Browser]
    ./app/signup/page.tsx [Server Component]

  Client Component SSR:
    ./app/signup/page.tsx [Client Component SSR]
    ./app/signup/page.tsx [Server Component]

https://nextjs.org/docs/messages/module-not-found


./app/login/page.tsx:21:1
Module not found: Can't resolve 
'@/components/ui/input'
[0m [90m 19 |[39m   
[33mFormMessage[39m[33m,[39m
 [90m 20 |[39m } [36mfrom[39m 
[32m'@/components/ui/form'[39m
[31m[1m>[22m[39m[90m 21 |[39m 
[36mimport[39m { [33mInput[39m } 
[36mfrom[39m [32m'@/components/ui/input'[39m
 [90m    |[39m [31m[1m^[22m[39m[31m[1m^[22
m[39m[31m[1m^[22m[39m[31m[1m^[22m[39m[31m
[1m^[22m[39m[31m[1m^[22m[39m[31m[1m^[22m
[39m[31m[1m^[22m[39m[31m[1m^[22m[39m[31m[
1m^[22m[39m[31m[1m^[22m[39m[31m[1m^[22m[3
9m[31m[1m^[22m[39m[31m[1m^[22m[39m[31m[1m
^[22m[39m[31m[1m^[22m[39m[31m[1m^[22m[39m
[31m[1m^[22m[39m[31m[1m^[22m[39m[31m[1m^
[22m[39m[31m[1m^[22m[39m[31m[1m^[22m[39m[
31m[1m^[22m[39m[31m[1m^[22m[39m[31m[1m^[2
2m[39m[31m[1m^[22m[39m[31m[1m^[22m[39m[31
m[1m^[22m[39m[31m[1m^[22m[39m[31m[1m^[22m
[39m[31m[1m^[22m[39m[31m[1m^[22m[39m[31m
[1m^[22m[39m[31m[1m^[22m[39m[31m[1m^[22m[
39m[31m[1m^[22m[39m[31m[1m^[22m[39m[31m[1
m^[22m[39m[31m[1m^[22m[39m[31m[1m^[22m[39
m[31m[1m^[22m[39m[31m[1m^[22m[39m[31m[1m^
[22m[39m[31m[1m^[22m[39m[31m[1m^[22m[39m
 [90m 22 |[39m [36mimport[39m {
 [90m 23 |[39m   [33mCard[39m[33m,[39m
 [90m 24 |[39m   
[33mCardContent[39m[33m,[39m[0m

Import map: aliased to relative 
'./components/ui/input' inside of [project]/


Import traces:
  Client Component Browser:
    ./app/login/page.tsx [Client Component Browser]
    ./app/login/page.tsx [Server Component]

  Client Component SSR:
    ./app/login/page.tsx [Client Component SSR]
    ./app/login/page.tsx [Server Component]

https://nextjs.org/docs/messages/module-not-found


./app/signup/page.tsx:21:1
Module not found: Can't resolve 
'@/components/ui/input'
[0m [90m 19 |[39m   
[33mFormMessage[39m[33m,[39m
 [90m 20 |[39m } [36mfrom[39m 
[32m'@/components/ui/form'[39m
[31m[1m>[22m[39m[90m 21 |[39m 
[36mimport[39m { [33mInput[39m } 
[36mfrom[39m [32m'@/components/ui/input'[39m
 [90m    |[39m [31m[1m^[22m[39m[31m[1m^[22
m[39m[31m[1m^[22m[39m[31m[1m^[22m[39m[31m
[1m^[22m[39m[31m[1m^[22m[39m[31m[1m^[22m
[39m[31m[1m^[22m[39m[31m[1m^[22m[39m[31m[
1m^[22m[39m[31m[1m^[22m[39m[31m[1m^[22m[3
9m[31m[1m^[22m[39m[31m[1m^[22m[39m[31m[1m
^[22m[39m[31m[1m^[22m[39m[31m[1m^[22m[39m
[31m[1m^[22m[39m[31m[1m^[22m[39m[31m[1m^
[22m[39m[31m[1m^[22m[39m[31m[1m^[22m[39m[
31m[1m^[22m[39m[31m[1m^[22m[39m[31m[1m^[2
2m[39m[31m[1m^[22m[39m[31m[1m^[22m[39m[31
m[1m^[22m[39m[31m[1m^[22m[39m[31m[1m^[22m
[39m[31m[1m^[22m[39m[31m[1m^[22m[39m[31m
[1m^[22m[39m[31m[1m^[22m[39m[31m[1m^[22m[
39m[31m[1m^[22m[39m[31m[1m^[22m[39m[31m[1
m^[22m[39m[31m[1m^[22m[39m[31m[1m^[22m[39
m[31m[1m^[22m[39m[31m[1m^[22m[39m[31m[1m^
[22m[39m[31m[1m^[22m[39m[31m[1m^[22m[39m
 [90m 22 |[39m [36mimport[39m {
 [90m 23 |[39m   [33mCard[39m[33m,[39m
 [90m 24 |[39m   
[33mCardContent[39m[33m,[39m[0m

Import map: aliased to relative 
'./components/ui/input' inside of [project]/


Import traces:
  Client Component Browser:
    ./app/signup/page.tsx [Client Component 
Browser]
    ./app/signup/page.tsx [Server Component]

  Client Component SSR:
    ./app/signup/page.tsx [Client Component SSR]
    ./app/signup/page.tsx [Server Component]

https://nextjs.org/docs/messages/module-not-found


    at <unknown> (./app/login/page.tsx:12:1)
    at <unknown> 
(https://nextjs.org/docs/messages/module-not-found)
    at <unknown> (./app/signup/page.tsx:12:1)
    at <unknown> 
(https://nextjs.org/docs/messages/module-not-found)
    at <unknown> (./app/login/page.tsx:22:1)
    at <unknown> 
(https://nextjs.org/docs/messages/module-not-found)
    at <unknown> (./app/signup/page.tsx:22:1)
    at <unknown> 
(https://nextjs.org/docs/messages/module-not-found)
    at <unknown> (./app/login/page.tsx:13:1)
    at <unknown> 
(https://nextjs.org/docs/messages/module-not-found)
    at <unknown> (./app/signup/page.tsx:13:1)
    at <unknown> 
(https://nextjs.org/docs/messages/module-not-found)
    at <unknown> (./app/login/page.tsx:21:1)
    at <unknown> 
(https://nextjs.org/docs/messages/module-not-found)
    at <unknown> (./app/signup/page.tsx:21:1)
    at <unknown> 
(https://nextjs.org/docs/messages/module-not-found)
